
Allocating common symbols
Common symbol       size              file

HSEStartUpStatus    0x1               ..\obj\main.o
GPIO_InitStructure  0x4               ..\obj\main.o

Discarded input sections

 .bss           0x00000000        0x0 ..\obj\system_stm32f10x.o
 .bss           0x00000000        0x0 ..\obj\stm32f10x_rcc.o
 .text          0x00000000     0x1d90 ..\obj\stm32f10x_tim.o
 .data          0x00000000        0x0 ..\obj\stm32f10x_tim.o
 .bss           0x00000000        0x0 ..\obj\stm32f10x_tim.o
 .debug_info    0x00000000     0x1c66 ..\obj\stm32f10x_tim.o
 .debug_abbrev  0x00000000      0x1c5 ..\obj\stm32f10x_tim.o
 .debug_aranges
                0x00000000       0x20 ..\obj\stm32f10x_tim.o
 .debug_line    0x00000000      0x729 ..\obj\stm32f10x_tim.o
 .debug_str     0x00000000      0xe38 ..\obj\stm32f10x_tim.o
 .comment       0x00000000       0x7f ..\obj\stm32f10x_tim.o
 .debug_frame   0x00000000      0xe2c ..\obj\stm32f10x_tim.o
 .ARM.attributes
                0x00000000       0x33 ..\obj\stm32f10x_tim.o
 .data          0x00000000        0x0 ..\obj\misc.o
 .bss           0x00000000        0x0 ..\obj\misc.o
 .text          0x00000000      0x6b0 ..\obj\stm32f10x_spi.o
 .data          0x00000000        0x0 ..\obj\stm32f10x_spi.o
 .bss           0x00000000        0x0 ..\obj\stm32f10x_spi.o
 .debug_info    0x00000000      0x8f3 ..\obj\stm32f10x_spi.o
 .debug_abbrev  0x00000000      0x1ad ..\obj\stm32f10x_spi.o
 .debug_aranges
                0x00000000       0x20 ..\obj\stm32f10x_spi.o
 .debug_line    0x00000000      0x376 ..\obj\stm32f10x_spi.o
 .debug_str     0x00000000      0x64c ..\obj\stm32f10x_spi.o
 .comment       0x00000000       0x7f ..\obj\stm32f10x_spi.o
 .debug_frame   0x00000000      0x3a0 ..\obj\stm32f10x_spi.o
 .ARM.attributes
                0x00000000       0x33 ..\obj\stm32f10x_spi.o
 .text          0x00000000      0xa00 ..\obj\stm32f10x_adc.o
 .data          0x00000000        0x0 ..\obj\stm32f10x_adc.o
 .bss           0x00000000        0x0 ..\obj\stm32f10x_adc.o
 .debug_info    0x00000000      0xb82 ..\obj\stm32f10x_adc.o
 .debug_abbrev  0x00000000      0x1ad ..\obj\stm32f10x_adc.o
 .debug_aranges
                0x00000000       0x20 ..\obj\stm32f10x_adc.o
 .debug_line    0x00000000      0x3d5 ..\obj\stm32f10x_adc.o
 .debug_str     0x00000000      0x756 ..\obj\stm32f10x_adc.o
 .comment       0x00000000       0x7f ..\obj\stm32f10x_adc.o
 .debug_frame   0x00000000      0x5a4 ..\obj\stm32f10x_adc.o
 .ARM.attributes
                0x00000000       0x33 ..\obj\stm32f10x_adc.o
 .text          0x00000000      0x8dc ..\obj\stm32f10x_usart.o
 .data          0x00000000        0x0 ..\obj\stm32f10x_usart.o
 .bss           0x00000000        0x0 ..\obj\stm32f10x_usart.o
 .debug_info    0x00000000      0x9f6 ..\obj\stm32f10x_usart.o
 .debug_abbrev  0x00000000      0x191 ..\obj\stm32f10x_usart.o
 .debug_aranges
                0x00000000       0x20 ..\obj\stm32f10x_usart.o
 .debug_line    0x00000000      0x3ba ..\obj\stm32f10x_usart.o
 .debug_str     0x00000000      0x6eb ..\obj\stm32f10x_usart.o
 .comment       0x00000000       0x7f ..\obj\stm32f10x_usart.o
 .debug_frame   0x00000000      0x490 ..\obj\stm32f10x_usart.o
 .ARM.attributes
                0x00000000       0x33 ..\obj\stm32f10x_usart.o
 .text          0x00000000      0x734 ..\obj\printf.o
 .data          0x00000000      0x42c ..\obj\printf.o
 .bss           0x00000000        0x0 ..\obj\printf.o
 .rodata        0x00000000       0x24 ..\obj\printf.o
 .debug_info    0x00000000      0xe60 ..\obj\printf.o
 .debug_abbrev  0x00000000      0x28e ..\obj\printf.o
 .debug_aranges
                0x00000000       0x20 ..\obj\printf.o
 .debug_line    0x00000000      0x2c8 ..\obj\printf.o
 .debug_str     0x00000000      0x68d ..\obj\printf.o
 .comment       0x00000000       0x7f ..\obj\printf.o
 .debug_frame   0x00000000      0x2dc ..\obj\printf.o
 .ARM.attributes
                0x00000000       0x33 ..\obj\printf.o
 .data          0x00000000        0x0 ..\obj\startup_stm32f10x_md.o
 .bss           0x00000000        0x0 ..\obj\startup_stm32f10x_md.o
 .data          0x00000000        0x0 ..\obj\stm32f10x_gpio.o
 .bss           0x00000000        0x0 ..\obj\stm32f10x_gpio.o
 .data          0x00000000        0x0 ..\obj\main.o
 .bss           0x00000000        0x0 ..\obj\main.o

Memory Configuration

Name             Origin             Length             Attributes
rom              0x08000000         0x00010000         xr
ram              0x20000000         0x00005000         xrw
*default*        0x00000000         0xffffffff

Linker script and memory map

                0x20005000                _eram = 0x20005000

.text           0x08000000     0x1609
 *(.isr_vector)
 .isr_vector    0x08000000      0x10c ..\obj\startup_stm32f10x_md.o
                0x08000000                g_pfnVectors
 *(.text*)
 .text          0x0800010c      0x24c ..\obj\system_stm32f10x.o
                0x0800010c                SystemInit
                0x08000174                SystemCoreClockUpdate
 .text          0x08000358      0x7d0 ..\obj\stm32f10x_rcc.o
                0x08000358                RCC_DeInit
                0x080003b4                RCC_HSEConfig
                0x08000410                RCC_WaitForHSEStartUp
                0x08000460                RCC_AdjustHSICalibrationValue
                0x0800049c                RCC_HSICmd
                0x080004bc                RCC_PLLConfig
                0x080004f8                RCC_PLLCmd
                0x08000518                RCC_SYSCLKConfig
                0x08000550                RCC_GetSYSCLKSource
                0x0800056c                RCC_HCLKConfig
                0x080005a4                RCC_PCLK1Config
                0x080005dc                RCC_PCLK2Config
                0x08000614                RCC_ITConfig
                0x08000660                RCC_USBCLKConfig
                0x0800067c                RCC_ADCCLKConfig
                0x080006b4                RCC_LSEConfig
                0x080006f4                RCC_LSICmd
                0x08000714                RCC_RTCCLKConfig
                0x08000738                RCC_RTCCLKCmd
                0x08000758                RCC_GetClocksFreq
                0x080008b8                RCC_AHBPeriphClockCmd
                0x080008f4                RCC_APB2PeriphClockCmd
                0x08000930                RCC_APB1PeriphClockCmd
                0x0800096c                RCC_APB2PeriphResetCmd
                0x080009a8                RCC_APB1PeriphResetCmd
                0x080009e4                RCC_BackupResetCmd
                0x08000a04                RCC_ClockSecuritySystemCmd
                0x08000a24                RCC_MCOConfig
                0x08000a44                RCC_GetFlagStatus
                0x08000ab8                RCC_ClearFlag
                0x08000ad4                RCC_GetITStatus
                0x08000b08                RCC_ClearITPendingBit
 .text          0x08000b28      0x18c ..\obj\misc.o
                0x08000b28                NVIC_PriorityGroupConfig
                0x08000b4c                NVIC_Init
                0x08000c10                NVIC_SetVectorTable
                0x08000c3c                NVIC_SystemLPConfig
                0x08000c7c                SysTick_CLKSourceConfig
 .text          0x08000cb4       0x68 ..\obj\startup_stm32f10x_md.o
                0x08000cb4                Default_Reset_Handler
                0x08000cb4                Reset_Handler
                0x08000d0c                TIM1_CC_IRQHandler
                0x08000d0c                HardFault_Handler
                0x08000d0c                SysTick_Handler
                0x08000d0c                PVD_IRQHandler
                0x08000d0c                PendSV_Handler
                0x08000d0c                NMI_Handler
                0x08000d0c                EXTI3_IRQHandler
                0x08000d0c                EXTI0_IRQHandler
                0x08000d0c                DebugMon_Handler
                0x08000d0c                UsageFault_Handler
                0x08000d0c                ADC1_2_IRQHandler
                0x08000d0c                SPI1_IRQHandler
                0x08000d0c                TAMPER_IRQHandler
                0x08000d0c                DMA1_Channel4_IRQHandler
                0x08000d0c                USART3_IRQHandler
                0x08000d0c                RTC_IRQHandler
                0x08000d0c                DMA1_Channel7_IRQHandler
                0x08000d0c                I2C2_EV_IRQHandler
                0x08000d0c                CAN1_RX1_IRQHandler
                0x08000d0c                TIM4_IRQHandler
                0x08000d0c                I2C1_EV_IRQHandler
                0x08000d0c                DMA1_Channel6_IRQHandler
                0x08000d0c                TIM3_IRQHandler
                0x08000d0c                RCC_IRQHandler
                0x08000d0c                TIM1_TRG_COM_IRQHandler
                0x08000d0c                DMA1_Channel1_IRQHandler
                0x08000d0c                EXTI15_10_IRQHandler
                0x08000d0c                EXTI2_IRQHandler
                0x08000d0c                EXTI9_5_IRQHandler
                0x08000d0c                SPI2_IRQHandler
                0x08000d0c                MemManage_Handler
                0x08000d0c                SVC_Handler
                0x08000d0c                DMA1_Channel5_IRQHandler
                0x08000d0c                EXTI4_IRQHandler
                0x08000d0c                USB_LP_CAN1_RX0_IRQHandler
                0x08000d0c                USB_HP_CAN1_TX_IRQHandler
                0x08000d0c                DMA1_Channel3_IRQHandler
                0x08000d0c                TIM1_UP_IRQHandler
                0x08000d0c                WWDG_IRQHandler
                0x08000d0c                TIM2_IRQHandler
                0x08000d0c                TIM1_BRK_IRQHandler
                0x08000d0c                EXTI1_IRQHandler
                0x08000d0c                RTCAlarm_IRQHandler
                0x08000d0c                USART2_IRQHandler
                0x08000d0c                I2C2_ER_IRQHandler
                0x08000d0c                DMA1_Channel2_IRQHandler
                0x08000d0c                CAN1_SCE_IRQHandler
                0x08000d0c                FLASH_IRQHandler
                0x08000d0c                BusFault_Handler
                0x08000d0c                USART1_IRQHandler
                0x08000d0c                I2C1_ER_IRQHandler
                0x08000d0c                USBWakeUp_IRQHandler
 .text          0x08000d1c      0x5d8 ..\obj\stm32f10x_gpio.o
                0x08000d1c                GPIO_DeInit
                0x08000e00                GPIO_AFIODeInit
                0x08000e18                GPIO_Init
                0x08000f90                GPIO_StructInit
                0x08000fb6                GPIO_ReadInputDataBit
                0x08000fe8                GPIO_ReadInputData
                0x08001000                GPIO_ReadOutputDataBit
                0x08001032                GPIO_ReadOutputData
                0x0800104a                GPIO_SetBits
                0x08001066                GPIO_ResetBits
                0x08001082                GPIO_WriteBit
                0x080010b0                GPIO_Write
                0x080010cc                GPIO_PinLockConfig
                0x0800110e                GPIO_EventOutputConfig
                0x08001158                GPIO_EventOutputCmd
                0x08001178                GPIO_PinRemapConfig
                0x08001258                GPIO_EXTILineConfig
                0x080012d8                GPIO_ETH_MediaInterfaceConfig
 .text          0x080012f4      0x2f4 ..\obj\main.o
                0x080012f4                SetSysClockTo72
                0x08001364                delay_ms
                0x0800139e                IO_Init
                0x080013f0                MAX7219_SendByte
                0x08001448                MAX7219_SendAddrDat
                0x08001484                MAX7219_Init
                0x080014b4                MAX7219_Clear
                0x080014de                MAX7219_DisplayInt
                0x0800154c                main
 *(.init)
 *(.fini)
 *crtbegin.o(.ctors)
 *crtbegin?.o(.ctors)
 *(EXCLUDE_FILE(*crtend.o *crtend?.o) .ctors)
 *(SORT_BY_NAME(.ctors.*))
 *(.ctors)
 *crtbegin.o(.dtors)
 *crtbegin?.o(.dtors)
 *(EXCLUDE_FILE(*crtend.o *crtend?.o) .dtors)
 *(SORT_BY_NAME(.dtors.*))
 *(.dtors)
 *(.rodata*)
 .rodata        0x080015e8       0x21 ..\obj\main.o
                0x080015e8                LEDcode
 *(.eh_fram e*)

.glue_7         0x0800160c        0x0
 .glue_7        0x0800160c        0x0 linker stubs

.glue_7t        0x0800160c        0x0
 .glue_7t       0x0800160c        0x0 linker stubs

.vfp11_veneer   0x0800160c        0x0
 .vfp11_veneer  0x0800160c        0x0 linker stubs

.v4_bx          0x0800160c        0x0
 .v4_bx         0x0800160c        0x0 linker stubs

.iplt           0x0800160c        0x0
 .iplt          0x0800160c        0x0 ..\obj\system_stm32f10x.o

.rel.dyn        0x0800160c        0x0
 .rel.iplt      0x0800160c        0x0 ..\obj\system_stm32f10x.o

.ARM.extab
 *(.ARM.extab* .gnu.linkonce.armextab.*)
                0x0800160c                __exidx_start = .

.ARM.exidx
 *(.ARM.exidx* .gnu.linkonce.armexidx.*)
                0x0800160c                __exidx_end = .
                0x0800160c                __etext = .
                0x08001609                _sidata = __etext

.data           0x20000000       0x28 load address 0x08001609
                0x20000000                __data_start__ = .
                0x20000000                _sdata = __data_start__
 *(vtable)
 *(.data*)
 .data          0x20000000       0x14 ..\obj\system_stm32f10x.o
                0x20000000                SystemCoreClock
                0x20000004                AHBPrescTable
 .data          0x20000014       0x14 ..\obj\stm32f10x_rcc.o
                0x20000028                . = ALIGN (0x4)
                [!provide]                PROVIDE (__preinit_array_start, .)
 *(.preinit_array)
                [!provide]                PROVIDE (__preinit_array_end, .)
                0x20000028                . = ALIGN (0x4)
                [!provide]                PROVIDE (__init_array_start, .)
 *(SORT_BY_NAME(.init_array.*))
 *(.init_array)
                [!provide]                PROVIDE (__init_array_end, .)
                0x20000028                . = ALIGN (0x4)
                [!provide]                PROVIDE (__fini_array_start, .)
 *(SORT_BY_NAME(.fini_array.*))
 *(.fini_array)
                [!provide]                PROVIDE (__fini_array_end, .)
 *(.jcr*)
                0x20000028                . = ALIGN (0x4)
                0x20000028                __data_end__ = .
                0x20000028                _edata = __data_end__

.igot.plt       0x20000028        0x0 load address 0x08001634
 .igot.plt      0x20000028        0x0 ..\obj\system_stm32f10x.o

.bss            0x20000028        0x8 load address 0x08001634
                0x20000028                . = ALIGN (0x4)
                0x20000028                __bss_start__ = .
                0x20000028                _sbss = __bss_start__
 *(.bss*)
 *(COMMON)
 COMMON         0x20000028        0x8 ..\obj\main.o
                0x20000028                HSEStartUpStatus
                0x2000002c                GPIO_InitStructure
                0x20000030                . = ALIGN (0x4)
                0x20000030                __bss_end__ = .
                0x20000030                _ebss = __bss_end__

.heap           0x20000030        0x0
                0x20000030                __end__ = .
                0x20000030                _end = __end__
                0x20000030                end = __end__
 *(.heap*)
                0x20000030                __HeapLimit = .

.co_stack       0x20000030      0x400 load address 0x0800163c
                0x20000030                . = ALIGN (0x8)
 *(.co_stack .co_stack.*)
 .co_stack      0x20000030      0x400 ..\obj\startup_stm32f10x_md.o
                0x20000030                pulStack
                0x20005000                __StackTop = (ORIGIN (ram) + LENGTH (ram))
                0x20004c00                __StackLimit = (__StackTop - SIZEOF (.co_stack))
                [!provide]                PROVIDE (__stack, __StackTop)
                0x00000001                ASSERT ((__StackLimit >= __HeapLimit), region ram  overflowed with stack)
LOAD ..\obj\system_stm32f10x.o
LOAD ..\obj\stm32f10x_rcc.o
LOAD ..\obj\stm32f10x_tim.o
LOAD ..\obj\misc.o
LOAD ..\obj\stm32f10x_spi.o
LOAD ..\obj\stm32f10x_adc.o
LOAD ..\obj\stm32f10x_usart.o
LOAD ..\obj\printf.o
LOAD ..\obj\startup_stm32f10x_md.o
LOAD ..\obj\stm32f10x_gpio.o
LOAD ..\obj\main.o
START GROUP
LOAD c:/program files (x86)/gnu tools arm embedded/7 2017-q4-major/bin/../lib/gcc/arm-none-eabi/7.2.1/thumb/v7-m\libgcc.a
LOAD c:/program files (x86)/gnu tools arm embedded/7 2017-q4-major/bin/../lib/gcc/arm-none-eabi/7.2.1/../../../../arm-none-eabi/lib/thumb/v7-m\libg.a
LOAD c:/program files (x86)/gnu tools arm embedded/7 2017-q4-major/bin/../lib/gcc/arm-none-eabi/7.2.1/../../../../arm-none-eabi/lib/thumb/v7-m\libc.a
END GROUP
OUTPUT(MAX7219.elf elf32-littlearm)

.debug_info     0x00000000     0x274c
 .debug_info    0x00000000      0x4a1 ..\obj\system_stm32f10x.o
 .debug_info    0x000004a1      0x8ae ..\obj\stm32f10x_rcc.o
 .debug_info    0x00000d4f      0x547 ..\obj\misc.o
 .debug_info    0x00001296      0x10f ..\obj\startup_stm32f10x_md.o
 .debug_info    0x000013a5      0x6fe ..\obj\stm32f10x_gpio.o
 .debug_info    0x00001aa3      0xca9 ..\obj\main.o

.debug_abbrev   0x00000000      0xa01
 .debug_abbrev  0x00000000      0x170 ..\obj\system_stm32f10x.o
 .debug_abbrev  0x00000170      0x1d1 ..\obj\stm32f10x_rcc.o
 .debug_abbrev  0x00000341      0x174 ..\obj\misc.o
 .debug_abbrev  0x000004b5       0xb8 ..\obj\startup_stm32f10x_md.o
 .debug_abbrev  0x0000056d      0x1e1 ..\obj\stm32f10x_gpio.o
 .debug_abbrev  0x0000074e      0x2b3 ..\obj\main.o

.debug_aranges  0x00000000       0xc0
 .debug_aranges
                0x00000000       0x20 ..\obj\system_stm32f10x.o
 .debug_aranges
                0x00000020       0x20 ..\obj\stm32f10x_rcc.o
 .debug_aranges
                0x00000040       0x20 ..\obj\misc.o
 .debug_aranges
                0x00000060       0x20 ..\obj\startup_stm32f10x_md.o
 .debug_aranges
                0x00000080       0x20 ..\obj\stm32f10x_gpio.o
 .debug_aranges
                0x000000a0       0x20 ..\obj\main.o

.debug_line     0x00000000     0x1049
 .debug_line    0x00000000      0x244 ..\obj\system_stm32f10x.o
 .debug_line    0x00000244      0x3ad ..\obj\stm32f10x_rcc.o
 .debug_line    0x000005f1      0x285 ..\obj\misc.o
 .debug_line    0x00000876       0xaa ..\obj\startup_stm32f10x_md.o
 .debug_line    0x00000920      0x364 ..\obj\stm32f10x_gpio.o
 .debug_line    0x00000c84      0x3c5 ..\obj\main.o

.debug_str      0x00000000     0x121e
 .debug_str     0x00000000      0x2cb ..\obj\system_stm32f10x.o
                                0x33a (size before relaxing)
 .debug_str     0x000002cb      0x435 ..\obj\stm32f10x_rcc.o
                                0x675 (size before relaxing)
 .debug_str     0x00000700      0x206 ..\obj\misc.o
                                0x419 (size before relaxing)
 .debug_str     0x00000906       0xd6 ..\obj\startup_stm32f10x_md.o
                                0x1a9 (size before relaxing)
 .debug_str     0x000009dc      0x390 ..\obj\stm32f10x_gpio.o
                                0x574 (size before relaxing)
 .debug_str     0x00000d6c      0x4b2 ..\obj\main.o
                                0x7fd (size before relaxing)

.comment        0x00000000       0x7e
 .comment       0x00000000       0x7e ..\obj\system_stm32f10x.o
                                 0x7f (size before relaxing)
 .comment       0x0000007e       0x7f ..\obj\stm32f10x_rcc.o
 .comment       0x0000007e       0x7f ..\obj\misc.o
 .comment       0x0000007e       0x7f ..\obj\startup_stm32f10x_md.o
 .comment       0x0000007e       0x7f ..\obj\stm32f10x_gpio.o
 .comment       0x0000007e       0x7f ..\obj\main.o

.ARM.attributes
                0x00000000       0x33
 .ARM.attributes
                0x00000000       0x33 ..\obj\system_stm32f10x.o
 .ARM.attributes
                0x00000033       0x33 ..\obj\stm32f10x_rcc.o
 .ARM.attributes
                0x00000066       0x33 ..\obj\misc.o
 .ARM.attributes
                0x00000099       0x33 ..\obj\startup_stm32f10x_md.o
 .ARM.attributes
                0x000000cc       0x33 ..\obj\stm32f10x_gpio.o
 .ARM.attributes
                0x000000ff       0x33 ..\obj\main.o

.debug_frame    0x00000000      0xac4
 .debug_frame   0x00000000       0x98 ..\obj\system_stm32f10x.o
 .debug_frame   0x00000098      0x4f4 ..\obj\stm32f10x_rcc.o
 .debug_frame   0x0000058c       0xd8 ..\obj\misc.o
 .debug_frame   0x00000664       0x4c ..\obj\startup_stm32f10x_md.o
 .debug_frame   0x000006b0      0x2d0 ..\obj\stm32f10x_gpio.o
 .debug_frame   0x00000980      0x144 ..\obj\main.o
